[debug] [2026-07-09T01:46:58.105Z] ----------------------------------------------------------------------
[debug] [2026-07-09T01:46:58.107Z] Command:       /usr/local/bin/node /Users/kimbaeyong/.npm/_npx/ba4f1959e38407b5/node_modules/.bin/firebase init hosting
[debug] [2026-07-09T01:46:58.107Z] CLI Version:   15.22.4
[debug] [2026-07-09T01:46:58.107Z] Platform:      darwin
[debug] [2026-07-09T01:46:58.107Z] Node Version:  v24.14.1
[debug] [2026-07-09T01:46:58.107Z] Detected Agent: antigravity
[debug] [2026-07-09T01:46:58.107Z] Time:          Thu Jul 09 2026 10:46:58 GMT+0900 (Korean Standard Time)
[debug] [2026-07-09T01:46:58.108Z] ----------------------------------------------------------------------
[debug] 
[info] 
     ######## #### ########  ######## ########     ###     ######  ########
     ##        ##  ##     ## ##       ##     ##  ##   ##  ##       ##
     ######    ##  ########  ######   ########  #########  ######  ######
     ##        ##  ##    ##  ##       ##     ## ##     ##       ## ##
     ##       #### ##     ## ######## ########  ##     ##  ######  ########

You're about to initialize a Firebase project in this directory:

  /Users/kimbaeyong/Desktop/AI Desk/여행사 웹앱

[info] 
=== Project Setup
[info] 
[info] First, let's associate this project directory with a Firebase project.
[info] You can create multiple project aliases by running firebase use --add, 
[info] 
[info] No default project found. Continuing without a project in non interactive mode.
[info] 
=== Hosting Setup
[info] 
